
> client@0.0.0 build
> vite build

[36mvite v7.2.4 [32mbuilding client environment for production...[36m[39m
transforming...
[32mΓ£ô[39m 1708 modules transformed.
node.exe : 
[31mΓ£ù[39m Build 
failed in 2.13s
At line:1 char:1
+ & "C:\Program Files\
nodejs/node.exe" 
"C:\Program 
Files\nodejs/node_mo 
...
+ ~~~~~~~~~~~~~~~~~~~~
~~~~~~~~~~~~~~~~~~~~~~
~~~~~~~~~~~~~~~~~~~~~~
~~~~~
    + CategoryInfo    
          : NotSpeci  
  fied: ([31mΓ£ù[   
 39m Build failed     
in 2.13s:String)     
[], RemoteExcepti    
on
    + FullyQualifiedE 
   rrorId : NativeCo  
  mmandError
 
[31merror during 
build:
[31mCould not 
resolve "../Templates/
ClassicTemplate.jsx" 
from "src/Components/R
esumePreview.jsx"[31m
file: [36mC:/Projects
/Resume-Builder/client
/src/Components/Resume
Preview.jsx[31m
    at getRollupError 
(file:///C:/Projects/R
esume-Builder/client/n
ode_modules/rollup/dis
t/es/shared/parseAst.j
s:401:41)
    at error (file:///
C:/Projects/Resume-Bui
lder/client/node_modul
es/rollup/dist/es/shar
ed/parseAst.js:397:42)
    at ModuleLoader.ha
ndleInvalidResolvedId 
(file:///C:/Projects/R
esume-Builder/client/n
ode_modules/rollup/dis
t/es/shared/node-entry
.js:21590:24)
    at file:///C:/Proj
ects/Resume-Builder/cl
ient/node_modules/roll
up/dist/es/shared/node
-entry.js:21550:26[39
m
